// Jest Snapshot v1, https://goo.gl/fbAQLP

exports[`GifItem Debe hacer match con el snapshot 1`] = `
<div>
  <div
    class="card"
  >
    <img
      alt="Alucard"
      src="https://Alucard.com/alucar.jpg"
    />
    <p>
      Alucard
    </p>
  </div>
</div>
`;
